// Jest Snapshot v1, https://goo.gl/fbAQLP

exports[`snapshot should match with snapshot 1`] = `
<div>
  <div>
    Class Example 2
  </div>
  <div
    className="title"
  >
    default title
  </div>
  <div
    className="click"
    onClick={[Function]}
  >
    click me
  </div>
  <button
    onClick={[Function]}
  >
    button
  </button>
</div>
`;
